current directory: /Users/io8272/olla_App/olla_react/vendor/bundle/ruby/3.3.0/gems/bigdecimal-4.1.1/ext/bigdecimal
/Users/io8272/.rbenv/versions/3.3.0/bin/ruby extconf.rb
checking for __builtin_clz()... yes
checking for __builtin_clzl()... yes
checking for __builtin_clzll()... yes
checking for float.h... yes
checking for math.h... yes
checking for stdbool.h... yes
checking for stdlib.h... yes
checking for x86intrin.h... no
checking for intrin.h... no
checking for ruby/atomic.h... yes
checking for ruby/internal/has/builtin.h... yes
checking for ruby/internal/static_assert.h... yes
checking for rb_complex_real() in ruby.h... yes
checking for rb_complex_imag() in ruby.h... yes
checking for rb_opts_exception_p() in ruby.h... yes
checking for rb_category_warn() in ruby.h... yes
checking for RB_WARN_CATEGORY_DEPRECATED in ruby.h... yes
checking for RUBY_TYPED_EMBEDDABLE in ruby.h... yes
creating Makefile

current directory: /Users/io8272/olla_App/olla_react/vendor/bundle/ruby/3.3.0/gems/bigdecimal-4.1.1/ext/bigdecimal
make DESTDIR\= sitearchdir\=./.gem.20260408-77476-esbwpm sitelibdir\=./.gem.20260408-77476-esbwpm clean

current directory: /Users/io8272/olla_App/olla_react/vendor/bundle/ruby/3.3.0/gems/bigdecimal-4.1.1/ext/bigdecimal
make DESTDIR\= sitearchdir\=./.gem.20260408-77476-esbwpm sitelibdir\=./.gem.20260408-77476-esbwpm
compiling bigdecimal.c
compiling missing.c
linking shared-object bigdecimal.bundle

current directory: /Users/io8272/olla_App/olla_react/vendor/bundle/ruby/3.3.0/gems/bigdecimal-4.1.1/ext/bigdecimal
make DESTDIR\= sitearchdir\=./.gem.20260408-77476-esbwpm sitelibdir\=./.gem.20260408-77476-esbwpm install
/usr/bin/install -c -m 0755 bigdecimal.bundle ./.gem.20260408-77476-esbwpm

current directory: /Users/io8272/olla_App/olla_react/vendor/bundle/ruby/3.3.0/gems/bigdecimal-4.1.1/ext/bigdecimal
make DESTDIR\= sitearchdir\=./.gem.20260408-77476-esbwpm sitelibdir\=./.gem.20260408-77476-esbwpm clean
